// Vitest Snapshot v1, https://vitest.dev/guide/snapshot.html

exports[`token contract > matches the density scales 1`] = `
{
  "comfortable": {
    "--rh-density-font-scale": "1",
    "--rh-density-gap": "var(--rh-space-2)",
    "--rh-density-pad": "var(--rh-space-3)",
    "--rh-density-row": "36px",
  },
  "compact": {
    "--rh-control-height-md": "28px",
    "--rh-control-height-sm": "var(--rh-control-target-min)",
    "--rh-control-padding-md": "var(--rh-space-2)",
    "--rh-density-font-scale": "0.929",
    "--rh-density-gap": "var(--rh-space-1)",
    "--rh-density-pad": "var(--rh-space-2)",
    "--rh-density-row": "28px",
  },
}
`;

exports[`token contract > matches the resolved dark palette 1`] = `
{
  "--rh-accent": "#ff5600",
  "--rh-accent-fg": "#0e0d0c",
  "--rh-accent-hover": "#ff7331",
  "--rh-accent-subtle": "#3a1d0e",
  "--rh-accent-text": "#ff9057",
  "--rh-border-default": "#3d3a35",
  "--rh-border-strong": "#7d776e",
  "--rh-border-subtle": "#2b2926",
  "--rh-feedback-error-bg": "#2e1512",
  "--rh-feedback-error-border": "#6b302a",
  "--rh-feedback-error-fg": "#f2a79f",
  "--rh-feedback-info-bg": "#11202d",
  "--rh-feedback-info-border": "#2c4d68",
  "--rh-feedback-info-fg": "#93c6ec",
  "--rh-feedback-success-bg": "#14281a",
  "--rh-feedback-success-border": "#2f5a3c",
  "--rh-feedback-success-fg": "#93d8a3",
  "--rh-feedback-warning-bg": "#2c2210",
  "--rh-feedback-warning-border": "#5c4720",
  "--rh-feedback-warning-fg": "#eebe6a",
  "--rh-focus-ring": "#e7e3dc",
  "--rh-focus-ring-offset": "2px",
  "--rh-focus-ring-width": "2px",
  "--rh-highlight-on-paper": "#ffb694",
  "--rh-highlight-on-paper-anchor": "#9fdfb0",
  "--rh-highlight-on-paper-anchor-border": "#1a6330",
  "--rh-highlight-on-paper-border": "#b83a00",
  "--rh-highlight-on-paper-match": "#f4c32f",
  "--rh-highlight-on-paper-match-border": "#7d5300",
  "--rh-status-accepted-bg": "#14281a",
  "--rh-status-accepted-border": "#2f5a3c",
  "--rh-status-accepted-fg": "#93d8a3",
  "--rh-status-candidate-bg": "#11202d",
  "--rh-status-candidate-border": "#2c4d68",
  "--rh-status-candidate-fg": "#93c6ec",
  "--rh-status-contested-bg": "#2e1512",
  "--rh-status-contested-border": "#6b302a",
  "--rh-status-contested-fg": "#f2a79f",
  "--rh-status-private-bg": "#191d22",
  "--rh-status-private-border": "#3a444f",
  "--rh-status-private-fg": "#b0bbc7",
  "--rh-status-qualified-bg": "#201a31",
  "--rh-status-qualified-border": "#463a63",
  "--rh-status-qualified-fg": "#c4abec",
  "--rh-status-stale-bg": "#2a2212",
  "--rh-status-stale-border": "#5a4a26",
  "--rh-status-stale-fg": "#dcc082",
  "--rh-surface-canvas": "#141312",
  "--rh-surface-inverse": "#ece8e2",
  "--rh-surface-pane": "#1b1a18",
  "--rh-surface-paper": "#f8f7f4",
  "--rh-surface-raised": "#232120",
  "--rh-surface-scrim": "rgba(8, 7, 6, 0.66)",
  "--rh-surface-selected": "#33302c",
  "--rh-surface-subtle": "#2b2926",
  "--rh-text-inverse": "#141312",
  "--rh-text-link": "#ece8e2",
  "--rh-text-muted": "#948d83",
  "--rh-text-on-paper": "#1a1815",
  "--rh-text-primary": "#ece8e2",
  "--rh-text-secondary": "#c9c2b8",
}
`;

exports[`token contract > matches the resolved light palette 1`] = `
{
  "--rh-accent": "#ff5600",
  "--rh-accent-fg": "#0e0d0c",
  "--rh-accent-hover": "#d94800",
  "--rh-accent-subtle": "#ffe9dd",
  "--rh-accent-text": "#b83a00",
  "--rh-border-default": "#dedbd6",
  "--rh-border-strong": "#7d776e",
  "--rh-border-subtle": "#e7e3dc",
  "--rh-feedback-error-bg": "#fbe8e6",
  "--rh-feedback-error-border": "#eec1bb",
  "--rh-feedback-error-fg": "#9c2019",
  "--rh-feedback-info-bg": "#e4eef7",
  "--rh-feedback-info-border": "#b3d0e7",
  "--rh-feedback-info-fg": "#1a4f7a",
  "--rh-feedback-success-bg": "#e4f2e7",
  "--rh-feedback-success-border": "#b6dabf",
  "--rh-feedback-success-fg": "#1a6330",
  "--rh-feedback-warning-bg": "#fbf0da",
  "--rh-feedback-warning-border": "#e6d3a5",
  "--rh-feedback-warning-fg": "#7d5300",
  "--rh-focus-ring": "#0e0d0c",
  "--rh-focus-ring-offset": "2px",
  "--rh-focus-ring-width": "2px",
  "--rh-highlight-on-paper": "#ffb694",
  "--rh-highlight-on-paper-anchor": "#9fdfb0",
  "--rh-highlight-on-paper-anchor-border": "#1a6330",
  "--rh-highlight-on-paper-border": "#b83a00",
  "--rh-highlight-on-paper-match": "#f4c32f",
  "--rh-highlight-on-paper-match-border": "#7d5300",
  "--rh-status-accepted-bg": "#e4f2e7",
  "--rh-status-accepted-border": "#b6dabf",
  "--rh-status-accepted-fg": "#1a6330",
  "--rh-status-candidate-bg": "#e4eef7",
  "--rh-status-candidate-border": "#b3d0e7",
  "--rh-status-candidate-fg": "#1a4f7a",
  "--rh-status-contested-bg": "#fbe8e6",
  "--rh-status-contested-border": "#eec1bb",
  "--rh-status-contested-fg": "#9c2019",
  "--rh-status-private-bg": "#ebeef2",
  "--rh-status-private-border": "#cbd3db",
  "--rh-status-private-fg": "#3b4653",
  "--rh-status-qualified-bg": "#eee8f7",
  "--rh-status-qualified-border": "#cfc0e6",
  "--rh-status-qualified-fg": "#57368a",
  "--rh-status-stale-bg": "#f5eedd",
  "--rh-status-stale-border": "#decfa8",
  "--rh-status-stale-fg": "#74561a",
  "--rh-surface-canvas": "#faf9f6",
  "--rh-surface-inverse": "#141312",
  "--rh-surface-pane": "#ffffff",
  "--rh-surface-paper": "#ffffff",
  "--rh-surface-raised": "#ffffff",
  "--rh-surface-scrim": "rgba(26, 24, 21, 0.42)",
  "--rh-surface-selected": "#e7e3dc",
  "--rh-surface-subtle": "#f2efe9",
  "--rh-text-inverse": "#ece8e2",
  "--rh-text-link": "#111111",
  "--rh-text-muted": "#635e56",
  "--rh-text-on-paper": "#1a1815",
  "--rh-text-primary": "#111111",
  "--rh-text-secondary": "#4a4640",
}
`;
